operation_mode: chain_tqe
[2026-07-06 01:50:30,995][absl][WARNING] - No training configuration found in the save file, so the model was *not* compiled. Compile it manually.
Model name : yamnet_e256
Using pretrained weights
Dataset : custom
The last epoch history :
['epoch', 'accuracy', 'learning_rate', 'loss', 'val_accuracy', 'val_loss']
['41', '1.0', '0.0001500000071246177', '0.00250299833714962', '1.0', '0.0013817675644531846']
Training runtime : 157 s
Average time per epoch : 3.74 s
Nb params of float model : 135618
Float model validation_set:
Patch-level accuracy of float model : 100.0 %
Clip-level accuracy of float model : 100.0 %
Loss of float model : 0.003940809518098831 
[2026-07-06 01:53:21,875][absl][INFO] - Function `function` contains input name(s) resource with unsupported characters which will be renamed to functional_35_1_new_head_1_biasadd_readvariableop_resource in the SavedModel.
[2026-07-06 01:53:21,937][absl][INFO] - Function `function` contains input name(s) resource with unsupported characters which will be renamed to functional_35_1_new_head_1_biasadd_readvariableop_resource in the SavedModel.
Quantized model validation_set:
Patch-level accuracy of quantized model : 100.0 %
Clip-level accuracy of quantized model : 100.0 %
operation finished: chain_tqe
